C:\ST\STM32CubeIDE_2.1.1\STM32CubeIDE\plugins\com.st.stm32cube.ide.mcu.externaltools.gnu-tools-for-stm32.14.3.rel1.win32_1.0.100.202602081740\tools\bin/../lib/gcc/arm-none-eabi/14.3.1/../../../../arm-none-eabi/include/c++/14.3.1/bits/char_traits.h:366:7:static int std::char_traits<char>::compare(const char_type*, const char_type*, std::size_t)	24	static
C:\ST\STM32CubeIDE_2.1.1\STM32CubeIDE\plugins\com.st.stm32cube.ide.mcu.externaltools.gnu-tools-for-stm32.14.3.rel1.win32_1.0.100.202602081740\tools\bin/../lib/gcc/arm-none-eabi/14.3.1/../../../../arm-none-eabi/include/c++/14.3.1/bits/char_traits.h:385:7:static std::size_t std::char_traits<char>::length(const char_type*)	16	static
../Core/Src/main.cpp:113:13:void rx_push(uint8_t)	16	static
../Core/Src/main.cpp:124:12:int rx_pop()	16	static
../Core/Src/main.cpp:136:13:void esp_fill_rx()	16	static
../Core/Src/main.cpp:152:13:void esp_clear_rx()	16	static
../Core/Src/main.cpp:165:13:void uart1_send(const char*)	16	static
../Core/Src/main.cpp:173:13:void uart1_send_ln(const char*)	16	static
../Core/Src/main.cpp:179:13:void uart1_send_string(const std::string&)	24	static
../Core/Src/main.cpp:187:13:void uart1_send_string_ln(const std::string&)	16	static
../Core/Src/main.cpp:194:13:void uart2_send_string_ln(const std::string&)	24	static
../Core/Src/main.cpp:208:15:std::string esp_command(const std::string&, uint32_t)	40	static
../Core/Src/main.cpp:255:15:std::string parse_cipsta_ip(const std::string&)	56	static
../Core/Src/main.cpp:279:15:std::string parse_cifsr_sta_ip(const std::string&)	56	static
../Core/Src/main.cpp:303:15:std::string get_ip_address_once()	200	static
../Core/Src/main.cpp:320:13:void wait_for_ip_and_print_once()	64	static
../Core/Src/main.cpp:344:13:bool wifi_connect()	488	static
../Core/Src/main.cpp:421:13:bool start_tcp_server(int)	336	static
../Core/Src/main.cpp:474:13:bool is_digit_char(char)	16	static
../Core/Src/main.cpp:479:13:bool parse_unsigned_from_stream(const std::string&, size_t&, unsigned int&)	32	static
../Core/Src/main.cpp:509:15:std::string process_ipd_stream(std::string&)	104	static
../Core/Src/main.cpp:623:17:void __tcf_0()	8	static
../Core/Src/main.cpp:621:15:std::string check_for_received_tcp_messages()	24	static,ignoring_inline_asm
../Core/Src/main.cpp:659:5:int main()	72	static
../Core/Src/main.cpp:896:6:void SystemClock_Config()	88	static
../Core/Src/main.cpp:943:13:void MX_ADC1_Init()	24	static
../Core/Src/main.cpp:995:13:void MX_TIM1_Init()	80	static
../Core/Src/main.cpp:1064:13:void MX_USART1_UART_Init()	8	static
../Core/Src/main.cpp:1097:13:void MX_USART2_UART_Init()	8	static
../Core/Src/main.cpp:1130:13:void MX_GPIO_Init()	40	static
../Core/Src/main.cpp:1180:6:void Error_Handler()	4	static,ignoring_inline_asm
C:\ST\STM32CubeIDE_2.1.1\STM32CubeIDE\plugins\com.st.stm32cube.ide.mcu.externaltools.gnu-tools-for-stm32.14.3.rel1.win32_1.0.100.202602081740\tools\arm-none-eabi\include\c++\14.3.1\bits\basic_string.h:3772:5:bool std::operator==(const __cxx11::basic_string<_CharT, _Traits, _Alloc>&, const _CharT*) [with _CharT = char; _Traits = char_traits<char>; _Alloc = allocator<char>]	24	static
C:\ST\STM32CubeIDE_2.1.1\STM32CubeIDE\plugins\com.st.stm32cube.ide.mcu.externaltools.gnu-tools-for-stm32.14.3.rel1.win32_1.0.100.202602081740\tools\arm-none-eabi\include\c++\14.3.1\bits\basic_string.h:3860:5:bool std::operator!=(const __cxx11::basic_string<_CharT, _Traits, _Alloc>&, const _CharT*) [with _CharT = char; _Traits = char_traits<char>; _Alloc = allocator<char>]	16	static
C:\ST\STM32CubeIDE_2.1.1\STM32CubeIDE\plugins\com.st.stm32cube.ide.mcu.externaltools.gnu-tools-for-stm32.14.3.rel1.win32_1.0.100.202602081740\tools\arm-none-eabi\include\c++\14.3.1\bits\new_allocator.h:104:7:std::__new_allocator<_Tp>::~__new_allocator() [with _Tp = char]	16	static
